src/family-group/family-group.service.ts(1164,10): error TS1005: ',' expected.
src/family-group/family-group.service.ts(1164,17): error TS1005: ',' expected.
src/family-group/family-group.service.ts(1164,18): error TS1005: ',' expected.
src/family-group/family-group.service.ts(1164,38): error TS1005: ',' expected.
src/family-group/family-group.service.ts(1164,42): error TS1005: ',' expected.
src/family-group/family-group.service.ts(1164,57): error TS1005: ',' expected.
src/family-group/family-group.service.ts(1164,60): error TS1005: ',' expected.
src/family-group/family-group.service.ts(1164,68): error TS1005: ',' expected.
src/family-group/family-group.service.ts(1164,74): error TS1005: ',' expected.
src/family-group/family-group.service.ts(1231,10): error TS1005: ',' expected.
src/family-group/family-group.service.ts(1231,17): error TS1005: ',' expected.
src/family-group/family-group.service.ts(1231,18): error TS1005: ',' expected.
src/family-group/family-group.service.ts(1231,32): error TS1005: ',' expected.
src/family-group/family-group.service.ts(1231,36): error TS1005: ',' expected.
src/family-group/family-group.service.ts(1231,51): error TS1005: ',' expected.
src/family-group/family-group.service.ts(1231,54): error TS1005: ',' expected.
src/family-group/family-group.service.ts(1231,62): error TS1005: ',' expected.
src/family-group/family-group.service.ts(1389,10): error TS1005: ',' expected.
src/family-group/family-group.service.ts(1389,17): error TS1005: ',' expected.
src/family-group/family-group.service.ts(1389,23): error TS1005: ',' expected.
src/family-group/family-group.service.ts(1389,31): error TS1005: ',' expected.
src/family-group/family-group.service.ts(1389,35): error TS1005: ',' expected.
src/family-group/family-group.service.ts(1389,38): error TS1005: ',' expected.
src/family-group/family-group.service.ts(1389,45): error TS1005: ',' expected.
src/family-group/family-group.service.ts(1389,61): error TS1005: ',' expected.
src/family-group/family-group.service.ts(1389,62): error TS1005: ',' expected.
src/family-group/family-group.service.ts(1389,76): error TS1005: ',' expected.
src/family-group/family-group.service.ts(1389,88): error TS1005: ',' expected.
src/family-group/family-group.service.ts(1389,89): error TS1005: ',' expected.
src/family-group/family-group.service.ts(1389,103): error TS1005: ',' expected.
src/family-group/family-group.service.ts(1446,21): error TS1005: ',' expected.
src/family-group/family-group.service.ts(1446,36): error TS1005: ',' expected.
src/family-group/family-group.service.ts(1446,38): error TS1005: ',' expected.
src/family-group/family-group.service.ts(1446,44): error TS1005: ',' expected.
src/family-group/family-group.service.ts(1446,48): error TS1005: ',' expected.
src/family-group/family-group.service.ts(1446,50): error TS1005: ',' expected.
src/family-group/family-group.service.ts(1913,21): error TS1005: ',' expected.
src/family-group/family-group.service.ts(1913,22): error TS1005: ',' expected.
src/family-group/family-group.service.ts(1913,25): error TS1005: ',' expected.
src/family-group/family-group.service.ts(1913,53): error TS1109: Expression expected.
src/family-group/family-group.service.ts(1913,56): error TS1005: ',' expected.
src/family-group/family-group.service.ts(1913,59): error TS1005: ',' expected.
src/family-group/family-group.service.ts(1915,21): error TS1005: ',' expected.
src/family-group/family-group.service.ts(1915,28): error TS1005: ',' expected.
src/family-group/family-group.service.ts(1915,29): error TS1005: ',' expected.
src/family-group/family-group.service.ts(1915,32): error TS1005: ',' expected.
src/family-group/family-group.service.ts(1917,21): error TS1005: ',' expected.
src/family-group/family-group.service.ts(1917,28): error TS1005: ',' expected.
src/family-group/family-group.service.ts(1917,29): error TS1005: ',' expected.
src/family-group/family-group.service.ts(1917,32): error TS1005: ',' expected.
src/family-group/family-group.service.ts(1921,21): error TS1005: ',' expected.
src/family-group/family-group.service.ts(1921,28): error TS1005: ',' expected.
src/family-group/family-group.service.ts(1921,35): error TS1005: ',' expected.
src/family-group/family-group.service.ts(1921,36): error TS1005: ',' expected.
src/family-group/family-group.service.ts(1921,39): error TS1005: ',' expected.
src/family-group/family-group.service.ts(1955,18): error TS1005: ',' expected.
src/family-group/family-group.service.ts(1955,24): error TS1005: ',' expected.
src/family-group/family-group.service.ts(1955,25): error TS1005: ',' expected.
src/family-group/family-group.service.ts(1955,27): error TS1005: ',' expected.
src/family-group/family-group.service.ts(1955,43): error TS1005: ',' expected.
src/family-group/family-group.service.ts(1955,44): error TS1005: ',' expected.
src/family-group/family-group.service.ts(1955,46): error TS1005: ',' expected.
src/family-group/family-group.service.ts(1955,58): error TS1005: ',' expected.
src/family-group/family-group.service.ts(1976,18): error TS1005: ',' expected.
src/family-group/family-group.service.ts(1976,19): error TS1005: ',' expected.
src/family-group/family-group.service.ts(1976,33): error TS1005: ',' expected.
src/family-group/family-group.service.ts(1976,44): error TS1005: ',' expected.
src/family-group/family-group.service.ts(1976,112): error TS1005: ',' expected.
src/family-group/family-group.service.ts(1976,113): error TS1128: Declaration or statement expected.
src/family-group/family-group.service.ts(1996,18): error TS1005: ';' expected.
src/family-group/family-group.service.ts(1996,26): error TS1434: Unexpected keyword or identifier.
src/family-group/family-group.service.ts(2023,1): error TS1160: Unterminated template literal.
